start_time_ns=1777241829102218589
[RUN] Starting plain_benchmark at Sun 26 Apr 2026 10:17:09 PM UTC
Starting experiments ...
[INFO] Requested fs_uri = zenfs://dev:nvme0n1
Loading workload ...
Load complete ...
Loading workload ...
Load complete ...
=========>10%<==========>20%<==========>30%<==========>40%<==========>50%<==========>60%<==========>70%<==========>80%<==========>90%<==========>OK!
=========>10%<==========>20%<==========>30%<==========>40%<==========>50%<==========>60%<==========>70%<==========>80%<==========>90%<==========>OK!
point query latency: 0.621195 (ms/query)
avg operation latency: 0.378814 (ms/ops)
OK
End of experiment run: 1


===== End of all experiments in 1875980.49ms !! ===== 

-----LSM state-----
               T               P               B               E               M
            2.00             128             128             128         2097152

----- Query summary -----
              #I              #U              #D              #R              #Q              #Z              #S          #TOTAL
         1500907          749093          300000               0               0          450000               0         3000000
               I               U               D               R               Q               Z               S           TOTAL
       507542.49       223642.52       125720.39            0.00          0.0000     279537.6886            0.00      1136443.09
----- Latency(ms/op) -----
           avg_I           avg_U           avg_D           avg_R           avg_Q           avg_Z           avg_S       avg_query
            0.34            0.30            0.42            -nan            -nan          0.6212            -nan            0.38
----- Throughput(op/ms) -----
           avg_I           avg_U           avg_D           avg_R           avg_Q           avg_Z           avg_S       avg_query
            2.96            3.35            2.39            -nan            -nan          1.6098            -nan            2.64
end_time_ns=1777249337762085564
[RUN] Finished plain_benchmark at Mon 27 Apr 2026 12:22:17 AM UTC
