start_time_ns=1777229769845902052
[RUN] Starting plain_benchmark at Sun 26 Apr 2026 06:56:09 PM UTC
Starting experiments ...
[INFO] Requested fs_uri = zenfs://dev:nvme0n1
Loading workload ...
Load complete ...
Loading workload ...
Load complete ...
=========>10%<==========>20%<==========>30%<==========>40%<==========>50%<==========>60%<==========>70%<==========>80%<==========>90%<==========>OK!
=========>10%<==========>20%<==========>30%<==========>40%<==========>50%<==========>60%<==========>70%<==========>80%<==========>90%<==========>OK!
point query latency: 0.787361 (ms/query)
avg operation latency: 0.196468 (ms/ops)
OK
End of experiment run: 1


===== End of all experiments in 1146088.49ms !! ===== 

-----LSM state-----
               T               P               B               E               M
            2.00             128             128             128         2097152

----- Query summary -----
              #I              #U              #D              #R              #Q              #Z              #S          #TOTAL
         1500907          749093          300000               0               0          450000               0         3000000
               I               U               D               R               Q               Z               S           TOTAL
       144933.58        49537.24        40620.97            0.00          0.0000     354312.6173            0.00       589404.41
----- Latency(ms/op) -----
           avg_I           avg_U           avg_D           avg_R           avg_Q           avg_Z           avg_S       avg_query
            0.10            0.07            0.14            -nan            -nan          0.7874            -nan            0.20
----- Throughput(op/ms) -----
           avg_I           avg_U           avg_D           avg_R           avg_Q           avg_Z           avg_S       avg_query
           10.36           15.12            7.39            -nan            -nan          1.2701            -nan            5.09
end_time_ns=1777230972282641305
[RUN] Finished plain_benchmark at Sun 26 Apr 2026 07:16:12 PM UTC
