start_time_ns=1777237342327978019
[RUN] Starting plain_benchmark at Sun 26 Apr 2026 09:02:22 PM UTC
Starting experiments ...
[INFO] Requested fs_uri = zenfs://dev:nvme0n1
Loading workload ...
Load complete ...
Loading workload ...
Load complete ...
=========>10%<==========>20%<==========>30%<==========>40%<==========>50%<==========>60%<==========>70%<==========>80%<==========>90%<==========>OK!
=========>10%<==========>20%<==========>30%<==========>40%<==========>50%<==========>60%<==========>70%<==========>80%<==========>90%<==========>OK!
point query latency: 0.741955 (ms/query)
avg operation latency: 0.192326 (ms/ops)
OK
End of experiment run: 1


===== End of all experiments in 1224363.83ms !! ===== 

-----LSM state-----
               T               P               B               E               M
            2.00             128             128             128         2097152

----- Query summary -----
              #I              #U              #D              #R              #Q              #Z              #S          #TOTAL
         1500907          749093          300000               0               0          450000               0         3000000
               I               U               D               R               Q               Z               S           TOTAL
       144323.02        67438.43        31337.85            0.00          0.0000     333879.8547            0.00       576979.16
----- Latency(ms/op) -----
           avg_I           avg_U           avg_D           avg_R           avg_Q           avg_Z           avg_S       avg_query
            0.10            0.09            0.10            -nan            -nan          0.7420            -nan            0.19
----- Throughput(op/ms) -----
           avg_I           avg_U           avg_D           avg_R           avg_Q           avg_Z           avg_S       avg_query
           10.40           11.11            9.57            -nan            -nan          1.3478            -nan            5.20
end_time_ns=1777239842531656222
[RUN] Finished plain_benchmark at Sun 26 Apr 2026 09:44:02 PM UTC
