start_time_ns=1777227426509918959
[RUN] Starting plain_benchmark at Sun 26 Apr 2026 06:17:06 PM UTC
Starting experiments ...
[INFO] Requested fs_uri = zenfs://dev:nvme0n1
Loading workload ...
Load complete ...
Loading workload ...
Load complete ...
=========>10%<==========>20%<==========>30%<==========>40%<==========>50%<==========>60%<==========>70%<==========>80%<==========>90%<==========>OK!
=========>10%<==========>20%<==========>30%<==========>40%<==========>50%<==========>60%<==========>70%<==========>80%<==========>90%<==========>OK!
point query latency: 0.822829 (ms/query)
avg operation latency: 0.178866 (ms/ops)
OK
End of experiment run: 1


===== End of all experiments in 1210050.62ms !! ===== 

-----LSM state-----
               T               P               B               E               M
            2.00             128             128             128         2097152

----- Query summary -----
              #I              #U              #D              #R              #Q              #Z              #S          #TOTAL
         1500907          749093          300000               0               0          450000               0         3000000
               I               U               D               R               Q               Z               S           TOTAL
       103907.69        36262.60        26153.51            0.00          0.0000     370273.2025            0.00       536597.00
----- Latency(ms/op) -----
           avg_I           avg_U           avg_D           avg_R           avg_Q           avg_Z           avg_S       avg_query
            0.07            0.05            0.09            -nan            -nan          0.8228            -nan            0.18
----- Throughput(op/ms) -----
           avg_I           avg_U           avg_D           avg_R           avg_Q           avg_Z           avg_S       avg_query
           14.44           20.66           11.47            -nan            -nan          1.2153            -nan            5.59
end_time_ns=1777229769167824816
[RUN] Finished plain_benchmark at Sun 26 Apr 2026 06:56:09 PM UTC
