start_time_ns=1777223161864597754
[RUN] Starting plain_benchmark at Sun 26 Apr 2026 05:06:01 PM UTC
Starting experiments ...
[INFO] Requested fs_uri = zenfs://dev:nvme0n1
Loading workload ...
Load complete ...
Loading workload ...
Load complete ...
=========>10%<==========>20%<==========>30%<==========>40%<==========>50%<==========>60%<==========>70%<==========>80%<==========>90%<==========>OK!
=========>10%<==========>20%<==========>30%<==========>40%<==========>50%<==========>60%<==========>70%<==========>80%<==========>90%<==========>OK!
point query latency: 0.798228 (ms/query)
avg operation latency: 0.201355 (ms/ops)
OK
End of experiment run: 1


===== End of all experiments in 1154229.68ms !! ===== 

-----LSM state-----
               T               P               B               E               M
            2.00             128             128             128         2097152

----- Query summary -----
              #I              #U              #D              #R              #Q              #Z              #S          #TOTAL
         1500907          749093          300000               0               0          450000               0         3000000
               I               U               D               R               Q               Z               S           TOTAL
       148932.18        58304.58        37625.97            0.00          0.0000     359202.6732            0.00       604065.40
----- Latency(ms/op) -----
           avg_I           avg_U           avg_D           avg_R           avg_Q           avg_Z           avg_S       avg_query
            0.10            0.08            0.13            -nan            -nan          0.7982            -nan            0.20
----- Throughput(op/ms) -----
           avg_I           avg_U           avg_D           avg_R           avg_Q           avg_Z           avg_S       avg_query
           10.08           12.85            7.97            -nan            -nan          1.2528            -nan            4.97
end_time_ns=1777225091506579351
[RUN] Finished plain_benchmark at Sun 26 Apr 2026 05:38:11 PM UTC
