start_time_ns=1777239842863034598
[RUN] Starting plain_benchmark at Sun 26 Apr 2026 09:44:02 PM UTC
Starting experiments ...
[INFO] Requested fs_uri = zenfs://dev:nvme0n1
Loading workload ...
Load complete ...
Loading workload ...
Load complete ...
=========>10%<==========>20%<==========>30%<==========>40%<==========>50%<==========>60%<==========>70%<==========>80%<==========>90%<==========>OK!
=========>10%<==========>20%<==========>30%<==========>40%<==========>50%<==========>60%<==========>70%<==========>80%<==========>90%<==========>OK!
point query latency: 0.727738 (ms/query)
avg operation latency: 0.210753 (ms/ops)
OK
End of experiment run: 1


===== End of all experiments in 1313018.65ms !! ===== 

-----LSM state-----
               T               P               B               E               M
            2.00             128             128             128         2097152

----- Query summary -----
              #I              #U              #D              #R              #Q              #Z              #S          #TOTAL
         1500907          749093          300000               0               0          450000               0         3000000
               I               U               D               R               Q               Z               S           TOTAL
       177296.02        79950.18        47530.92            0.00          0.0000     327481.8941            0.00       632259.02
----- Latency(ms/op) -----
           avg_I           avg_U           avg_D           avg_R           avg_Q           avg_Z           avg_S       avg_query
            0.12            0.11            0.16            -nan            -nan          0.7277            -nan            0.21
----- Throughput(op/ms) -----
           avg_I           avg_U           avg_D           avg_R           avg_Q           avg_Z           avg_S       avg_query
            8.47            9.37            6.31            -nan            -nan          1.3741            -nan            4.74
end_time_ns=1777241828833394639
[RUN] Finished plain_benchmark at Sun 26 Apr 2026 10:17:08 PM UTC
