start_time_ns=1777233915921069274
[RUN] Starting plain_benchmark at Sun 26 Apr 2026 08:05:15 PM UTC
Starting experiments ...
[INFO] Requested fs_uri = zenfs://dev:nvme0n1
Loading workload ...
Load complete ...
Loading workload ...
Load complete ...
=========>10%<==========>20%<==========>30%<==========>40%<==========>50%<==========>60%<==========>70%<==========>80%<==========>90%<==========>OK!
=========>10%<==========>20%<==========>30%<==========>40%<==========>50%<==========>60%<==========>70%<==========>80%<==========>90%<==========>OK!
point query latency: 0.739961 (ms/query)
avg operation latency: 0.195953 (ms/ops)
OK
End of experiment run: 1


===== End of all experiments in 1249734.67ms !! ===== 

-----LSM state-----
               T               P               B               E               M
            2.00             128             128             128         2097152

----- Query summary -----
              #I              #U              #D              #R              #Q              #Z              #S          #TOTAL
         1500907          749093          300000               0               0          450000               0         3000000
               I               U               D               R               Q               Z               S           TOTAL
       156354.05        63375.30        35145.92            0.00          0.0000     332982.5850            0.00       587857.84
----- Latency(ms/op) -----
           avg_I           avg_U           avg_D           avg_R           avg_Q           avg_Z           avg_S       avg_query
            0.10            0.08            0.12            -nan            -nan          0.7400            -nan            0.20
----- Throughput(op/ms) -----
           avg_I           avg_U           avg_D           avg_R           avg_Q           avg_Z           avg_S       avg_query
            9.60           11.82            8.54            -nan            -nan          1.3514            -nan            5.10
end_time_ns=1777235760776380714
[RUN] Finished plain_benchmark at Sun 26 Apr 2026 08:36:00 PM UTC
